[Playwright] Not available — using relay-only mode
[Categories] Loaded 582 categories from file
[StreamCache] Loaded 0 fresh of 60 on disk
[MongoDB] No MONGODB_URI — running with file cache only
TubeStream — http://localhost:3080
API docs — http://localhost:3080/api-docs
MongoDB: file cache only
[Cron] Scheduled refresh: */15 * * * *
[Seed] Serving 66 cached pages from disk (66 stale — refreshing in background)
[Background] Fetching newest:1 ...
[WarmPool] Worker started — target: 60 fresh streams
[xhFetch] DoH IPs: 104.16.4.81, 104.16.3.81
[Background] newest:1: 46 videos loaded
[Background] Fetching popular:1 ...
[Background] popular:1: 46 videos loaded
[Background] Fetching top:1 ...
[Background] top:1: 46 videos loaded
[Background] Fetching hd:1 ...
[Background] hd:1: 30 videos loaded
[Background] Fetching longest:1 ...
[Background] longest:1: 30 videos loaded
[Background] Fetching hot:1 ...
[Background] hot:1: 30 videos loaded
[Background] Fetching newest:2 ...
[Background] newest:2: 46 videos loaded
[Background] Fetching popular:2 ...
[Background] popular:2: 46 videos loaded
[Background] Fetching top:2 ...
[Cron] Refreshing main feeds...
[Background] top:2: 46 videos loaded
[Background] Fetching hd:2 ...
[Background] hd:2: 30 videos loaded
[Background] Fetching longest:2 ...
[Background] longest:2: 30 videos loaded
[Background] Fetching hot:2 ...
[Background] hot:2: 30 videos loaded
[Background] Fetching newest:3 ...
[Background] newest:3: 46 videos loaded
[Background] Fetching popular:3 ...
[Background] popular:3: 46 videos loaded
[Background] Fetching top:3 ...
[Background] top:3: 46 videos loaded
[Background] Fetching hd:3 ...
[WarmPool] 20 / 60 warm
[Background] hd:3: 30 videos loaded
[Background] Fetching longest:3 ...
[Background] longest:3: 30 videos loaded
[Background] Fetching hot:3 ...
[Background] hot:3: 30 videos loaded
[Background] Fetching newest:4 ...
[Background] newest:4: 46 videos loaded
[Background] Fetching popular:4 ...
[Background] popular:4: 46 videos loaded
[Background] Fetching top:4 ...
[Background] top:4: 46 videos loaded
[Background] Fetching hd:4 ...
[Background] hd:4: 30 videos loaded
[Background] Fetching longest:4 ...
[Background] longest:4: 30 videos loaded
[Background] Fetching hot:4 ...
[WarmPool] 41 / 60 warm
[Background] hot:4: 30 videos loaded
[Background] Fetching newest:5 ...
[Background] newest:5: 46 videos loaded
[Background] Fetching popular:5 ...
[Background] popular:5: 46 videos loaded
[Background] Fetching top:5 ...
[Background] top:5: 46 videos loaded
[Background] Fetching hd:5 ...
[Background] hd:5: 30 videos loaded
[Background] Fetching longest:5 ...
[Background] longest:5: 30 videos loaded
[Background] Fetching hot:5 ...
[Background] hot:5: 30 videos loaded
[Background] Fetching newest:1 ...
[HTTP] GET /api/suggest 200 567ms
[Background] newest:1: 46 videos loaded
[Background] Fetching popular:1 ...
[xhFetch] DoH IPs: 104.16.4.81, 104.16.3.81
[Background] popular:1: 46 videos loaded
[Background] Fetching top:1 ...
[Background] top:1: 46 videos loaded
[Background] Fetching hd:1 ...
[Background] hd:1: 30 videos loaded
[Background] Fetching longest:1 ...
[Background] longest:1: 30 videos loaded
[Background] Fetching hot:1 ...
[Background] hot:1: 30 videos loaded
[Background] Fetching newest:2 ...
[Background] newest:2: 46 videos loaded
[Background] Fetching popular:2 ...
[Background] popular:2: 46 videos loaded
[Background] Fetching top:2 ...
[Background] top:2: 46 videos loaded
[Background] Fetching hd:2 ...
[Background] hd:2: 30 videos loaded
[Background] Fetching longest:2 ...
[Background] longest:2: 30 videos loaded
[Background] Fetching hot:2 ...
[Background] hot:2: 30 videos loaded
[Background] Fetching newest:3 ...
[Background] newest:3: 46 videos loaded
[Background] Fetching popular:3 ...
[Background] popular:3: 46 videos loaded
[Background] Fetching top:3 ...
[Background] top:3: 46 videos loaded
[Background] Fetching hd:3 ...
[Background] hd:3: 30 videos loaded
[Background] Fetching longest:3 ...
[Background] longest:3: 30 videos loaded
[Background] Fetching hot:3 ...
[Background] hot:3: 30 videos loaded
[Background] Fetching newest:4 ...
[Background] newest:4: 46 videos loaded
[Background] Fetching popular:4 ...
[Background] popular:4: 46 videos loaded
[Background] Fetching top:4 ...
[Background] top:4: 46 videos loaded
[Background] Fetching hd:4 ...
[Background] hd:4: 30 videos loaded
[Background] Fetching longest:4 ...
[Background] longest:4: 30 videos loaded
[Background] Fetching hot:4 ...
[Background] hot:4: 30 videos loaded
[Background] Fetching newest:5 ...
[Background] newest:5: 46 videos loaded
[Background] Fetching popular:5 ...
[Background] popular:5: 46 videos loaded
[Background] Fetching top:5 ...
[Background] top:5: 46 videos loaded
[Background] Fetching hd:5 ...
[Background] hd:5: 30 videos loaded
[Background] Fetching longest:5 ...
[Background] longest:5: 30 videos loaded
[Background] Fetching hot:5 ...
[Background] hot:5: 30 videos loaded
[Cron] Refreshing main feeds...
[Cron] Refreshing main feeds...
[Background] Fetching newest:1 ...
[xhFetch] DoH IPs: 104.16.4.81, 104.16.3.81
[Background] newest:1: 46 videos loaded
[Background] Fetching popular:1 ...
[Background] popular:1: 46 videos loaded
[Background] Fetching top:1 ...
[Background] top:1: 46 videos loaded
[Background] Fetching hd:1 ...
[Background] hd:1: 30 videos loaded
[Background] Fetching longest:1 ...
[Background] longest:1: 30 videos loaded
[Background] Fetching hot:1 ...
[Background] hot:1: 30 videos loaded
[Background] Fetching newest:2 ...
[Background] newest:2: 46 videos loaded
[Background] Fetching popular:2 ...
[Background] popular:2: 46 videos loaded
[Background] Fetching top:2 ...
[Background] top:2: 46 videos loaded
[Background] Fetching hd:2 ...
[Background] hd:2: 30 videos loaded
[Background] Fetching longest:2 ...
[Background] longest:2: 30 videos loaded
[Background] Fetching hot:2 ...
[Background] hot:2: 30 videos loaded
[Background] Fetching newest:3 ...
[Background] newest:3: 46 videos loaded
[Background] Fetching popular:3 ...
[Background] popular:3: 46 videos loaded
[Background] Fetching top:3 ...
[Background] top:3: 46 videos loaded
[Background] Fetching hd:3 ...
[Background] hd:3: 30 videos loaded
[Background] Fetching longest:3 ...
[Background] longest:3: 30 videos loaded
[Background] Fetching hot:3 ...
[Background] hot:3: 30 videos loaded
[Background] Fetching newest:4 ...
[Background] newest:4: 46 videos loaded
[Background] Fetching popular:4 ...
[Background] popular:4: 46 videos loaded
[Background] Fetching top:4 ...
[Background] top:4: 46 videos loaded
[Background] Fetching hd:4 ...
[Background] hd:4: 30 videos loaded
[Background] Fetching longest:4 ...
[Background] longest:4: 30 videos loaded
[Background] Fetching hot:4 ...
[Background] hot:4: 30 videos loaded
[Background] Fetching newest:5 ...
[Background] newest:5: 46 videos loaded
[Background] Fetching popular:5 ...
[Background] popular:5: 46 videos loaded
[Background] Fetching top:5 ...
[Background] top:5: 46 videos loaded
[Background] Fetching hd:5 ...
[Background] hd:5: 30 videos loaded
[Background] Fetching longest:5 ...
[Background] longest:5: 30 videos loaded
[Background] Fetching hot:5 ...
[Background] hot:5: 30 videos loaded
[Background] Fetching asian:10 ...
[HTTP] GET /api/videos 200 1489ms
[Background] asian:10: 46 videos loaded
[Background] Fetching asian:11 ...
[Background] asian:11: 46 videos loaded
[Cron] Refreshing main feeds...
[Background] Fetching newest:1 ...
[xhFetch] DoH IPs: 104.16.3.81, 104.16.4.81
[Background] newest:1: 46 videos loaded
[Background] Fetching popular:1 ...
[Background] popular:1: 46 videos loaded
[Background] Fetching top:1 ...
[Background] top:1: 46 videos loaded
[Background] Fetching hd:1 ...
[Background] hd:1: 30 videos loaded
[Background] Fetching longest:1 ...
[Background] longest:1: 30 videos loaded
[Background] Fetching hot:1 ...
[Background] hot:1: 30 videos loaded
[Background] Fetching newest:2 ...
[Background] newest:2: 46 videos loaded
[Background] Fetching popular:2 ...
[Background] popular:2: 46 videos loaded
[Background] Fetching top:2 ...
[Background] top:2: 46 videos loaded
[Background] Fetching hd:2 ...
[Background] hd:2: 30 videos loaded
[Background] Fetching longest:2 ...
[Background] longest:2: 30 videos loaded
[Background] Fetching hot:2 ...
[Background] hot:2: 30 videos loaded
[Background] Fetching newest:3 ...
[Background] newest:3: 46 videos loaded
[Background] Fetching popular:3 ...
[Background] popular:3: 46 videos loaded
[Background] Fetching top:3 ...
[Background] top:3: 46 videos loaded
[Background] Fetching hd:3 ...
[Background] hd:3: 30 videos loaded
[Background] Fetching longest:3 ...
[Background] longest:3: 30 videos loaded
[Background] Fetching hot:3 ...
[Background] hot:3: 30 videos loaded
[Background] Fetching newest:4 ...
[Background] newest:4: 46 videos loaded
[Background] Fetching popular:4 ...
[Background] popular:4: 46 videos loaded
[Background] Fetching top:4 ...
[Background] top:4: 46 videos loaded
[Background] Fetching hd:4 ...
[Background] hd:4: 30 videos loaded
[Background] Fetching longest:4 ...
[Background] longest:4: 30 videos loaded
[Background] Fetching hot:4 ...
[Background] hot:4: 30 videos loaded
[Background] Fetching newest:5 ...
[Background] newest:5: 46 videos loaded
[Background] Fetching popular:5 ...
[Background] popular:5: 46 videos loaded
[Background] Fetching top:5 ...
[Background] top:5: 46 videos loaded
[Background] Fetching hd:5 ...
[Background] hd:5: 30 videos loaded
[Background] Fetching longest:5 ...
[Background] longest:5: 30 videos loaded
[Background] Fetching hot:5 ...
[Background] hot:5: 30 videos loaded
[Cron] Refreshing main feeds...
[Background] Fetching newest:1 ...
[xhFetch] DoH IPs: 104.16.4.81, 104.16.3.81
[Background] newest:1: 46 videos loaded
[Background] Fetching popular:1 ...
[Background] popular:1: 46 videos loaded
[Background] Fetching top:1 ...
[Background] top:1: 46 videos loaded
[Background] Fetching hd:1 ...
[Background] hd:1: 30 videos loaded
[Background] Fetching longest:1 ...
[Background] longest:1: 30 videos loaded
[Background] Fetching hot:1 ...
[Background] hot:1: 30 videos loaded
[Background] Fetching newest:2 ...
[Background] newest:2: 46 videos loaded
[Background] Fetching popular:2 ...
[Background] popular:2: 46 videos loaded
[Background] Fetching top:2 ...
[Background] top:2: 46 videos loaded
[Background] Fetching hd:2 ...
[Background] hd:2: 30 videos loaded
[Background] Fetching longest:2 ...
[Background] longest:2: 30 videos loaded
[Background] Fetching hot:2 ...
[Background] hot:2: 30 videos loaded
[Background] Fetching newest:3 ...
[Background] newest:3: 46 videos loaded
[Background] Fetching popular:3 ...
[Background] popular:3: 46 videos loaded
[Background] Fetching top:3 ...
[Background] top:3: 46 videos loaded
[Background] Fetching hd:3 ...
[Background] hd:3: 30 videos loaded
[Background] Fetching longest:3 ...
[Background] longest:3: 30 videos loaded
[Background] Fetching hot:3 ...
[Background] hot:3: 30 videos loaded
[Background] Fetching newest:4 ...
[Background] newest:4: 46 videos loaded
[Background] Fetching popular:4 ...
[Background] popular:4: 46 videos loaded
